LTspice 26.0.1 for Windows
Circuit: C:\Users\Administrator\Downloads\Branch05_Water_Pump_appliance.net
Start Time: Sat May  9 14:40:48 2026
Options:reltol=0.001 maxstep=100u method=gear
solver = Normal
Maximum thread count: 12
tnom = 27
temp = 27
method = Gear
Compress1stOrder = true
Compress2ndOrder = true
.OP point found by inspection.
.OP point found by inspection.
Total elapsed time: 0.315 seconds.

Files loaded:
C:\Users\Administrator\Downloads\Branch05_Water_Pump_appliance.net

vrms: RMS(V(MAINS)                     )=229.755748766 FROM 2.96 TO 3
irms: RMS(I(V_AMMETER)                 )=6.31269321603 FROM 2.96 TO 3
pavg: AVG(V(MAINS)*I(V_AMMETER)        )=1217.36734811 FROM 2.96 TO 3
sapp: Vrms*Irms=1450.37755658

