LTspice 26.0.1 for Windows
Circuit: C:\Users\Administrator\Downloads\Branch08_Microwave_Oven_appliance.net
Start Time: Sat May  9 14:41:14 2026
Options:reltol=0.001 maxstep=100u method=gear
solver = Normal
Maximum thread count: 12
tnom = 27
temp = 27
method = Gear
Compress1stOrder = true
Compress2ndOrder = true
.OP point found by inspection.
.OP point found by inspection.
Total elapsed time: 0.328 seconds.

Files loaded:
C:\Users\Administrator\Downloads\Branch08_Microwave_Oven_appliance.net

vrms: RMS(V(MAINS)                     )=229.801828026 FROM 2.96 TO 3
irms: RMS(I(V_AMMETER)                 )=4.18648381126 FROM 2.96 TO 3
pavg: AVG(V(MAINS)*I(V_AMMETER)        )=788.780085707 FROM 2.96 TO 3
sapp: Vrms*Irms=962.061632831

