LTspice 26.0.1 for Windows
Circuit: C:\Users\Administrator\Downloads\Branch07_Rice_Cooker_appliance.net
Start Time: Sat May  9 14:41:00 2026
Options:reltol=0.001 maxstep=10m method=gear
solver = Normal
Maximum thread count: 12
tnom = 27
temp = 27
method = Gear
Compress1stOrder = true
Compress2ndOrder = true
Direct Newton iteration succeeded in finding operating point.
Total elapsed time: 7.411 seconds.

Files loaded:
C:\Users\Administrator\Downloads\Branch07_Rice_Cooker_appliance.net

vrms_cook: RMS(V(MAINS)                     )=226.412950332 FROM 850 TO 900
irms_cook: RMS(I(V_AMMETER)                 )=2.12916993353 FROM 850 TO 900
pavg_cook: AVG(V(MAINS)*I(V_AMMETER)        )=480.115424693 FROM 850 TO 900
sapp_cook: Vrms_cook*Irms_cook=482.071646408

vrms_warm: RMS(V(MAINS)                     )=226.412743881 FROM 1750 TO 1800
irms_warm: RMS(I(V_AMMETER)                 )=0.214000743328 FROM 1750 TO 1800
pavg_warm: AVG(V(MAINS)*I(V_AMMETER)        )=48.4524954894 FROM 1750 TO 1800
sapp_warm: Vrms_warm*Irms_warm=48.4524954894

