LTspice 26.0.1 for Windows
Circuit: C:\Users\Administrator\Downloads\Branch01_Ceiling_Fan_appliance.net
Start Time: Sat May  9 14:40:36 2026
Options:reltol=0.001 method=gear
solver = Normal
Maximum thread count: 12
tnom = 27
temp = 27
method = Gear
Compress1stOrder = true
Compress2ndOrder = true
.OP point found by inspection.
.OP point found by inspection.
Total elapsed time: 0.261 seconds.

Files loaded:
C:\Users\Administrator\Downloads\Branch01_Ceiling_Fan_appliance.net

vrms: RMS(V(MAINS)                     )=229.800341757 FROM 2.96 TO 3
irms: RMS(I(V_AMMETER)                 )=0.408216699762 FROM 2.96 TO 3
pavg: AVG(V(MAINS)*I(V_AMMETER)        )=74.997216976 FROM 2.96 TO 3
sapp: Vrms*Irms=93.808337116

